#
# There is insufficient memory for the Java Runtime Environment to continue.
# Native memory allocation (malloc) failed to allocate 1162976 bytes. Error detail: Chunk::new
# Possible reasons:
#   The system is out of physical RAM or swap space
#   This process is running with CompressedOops enabled, and the Java Heap may be blocking the growth of the native heap
# Possible solutions:
#   Reduce memory load on the system
#   Increase physical memory or swap space
#   Check if swap backing store is full
#   Decrease Java heap size (-Xmx/-Xms)
#   Decrease number of Java threads
#   Decrease Java thread stack sizes (-Xss)
#   Set larger code cache with -XX:ReservedCodeCacheSize=
#   JVM is running with Zero Based Compressed Oops mode in which the Java heap is
#     placed in the first 32GB address space. The Java Heap base address is the
#     maximum limit for the native heap growth. Please use -XX:HeapBaseMinAddress
#     to set the Java Heap base and to place the Java Heap above 32GB virtual address.
# This output file may be truncated or incomplete.
#
#  Out of Memory Error (arena.cpp:168), pid=11920, tid=12688
#
# JRE version: OpenJDK Runtime Environment Temurin-21.0.12.1+1 (21.0.12.1+1) (build 21.0.12.1+1-LTS)
# Java VM: OpenJDK 64-Bit Server VM Temurin-21.0.12.1+1 (21.0.12.1+1-LTS, mixed mode, sharing, tiered, compressed oops, compressed class ptrs, parallel gc, windows-amd64)
# No core dump will be written. Minidumps are not enabled by default on client versions of Windows
#

---------------  S U M M A R Y ------------

Command Line: --add-modules=ALL-SYSTEM --add-opens=java.base/java.util=ALL-UNNAMED --add-opens=java.base/java.lang=ALL-UNNAMED --add-opens=java.base/sun.nio.fs=ALL-UNNAMED -Declipse.application=org.eclipse.jdt.ls.core.id1 -Dosgi.bundles.defaultStartLevel=4 -Declipse.product=org.eclipse.jdt.ls.core.product -Djava.import.generatesMetadataFilesAtProjectRoot=false -Dm2e.project.cache.size=50 -DDetectVMInstallationsJob.disabled=true -Dfile.encoding=utf8 -XX:+UseParallelGC -XX:GCTimeRatio=4 -XX:AdaptiveSizePolicyWeight=90 -Dsun.zip.disableMemoryMapping=true -Xmx8G -Xms100m -Xlog:disable -javaagent:c:\Users\fvaza\.vscode\extensions\redhat.java-1.56.0-win32-x64\lombok\lombok-1.18.39-4050.jar -XX:+HeapDumpOnOutOfMemoryError -XX:HeapDumpPath=c:\Users\fvaza\AppData\Roaming\Code\User\workspaceStorage\3433cdffacbeb2996af56a34e291b5d3\redhat.java -Daether.dependencyCollector.impl=bf c:\Users\fvaza\.vscode\extensions\redhat.java-1.56.0-win32-x64\server\plugins\org.eclipse.equinox.launcher_1.8.0.v20260804-1928.jar -configuration c:\Users\fvaza\AppData\Roaming\Code\User\globalStorage\redhat.java\1.56.0\config_win -data c:\Users\fvaza\AppData\Roaming\Code\User\workspaceStorage\3433cdffacbeb2996af56a34e291b5d3\redhat.java\jdt_ws --pipe=\\.\pipe\lsp-b3c1068dcac45751bbe41062221576e7-sock

Host: Intel(R) Core(TM) i7-4800MQ CPU @ 2.70GHz, 8 cores, 11G,  Windows 11 , 64 bit Build 22621 (10.0.22621.3958)
Time: Mon Sep 21 21:48:55 2026 Russie TZ 2 elapsed time: 465.467894 seconds (0d 0h 7m 45s)

---------------  T H R E A D  ---------------

Current thread (0x000002235e0bb960):  JavaThread "C2 CompilerThread0" daemon [_thread_in_native, id=12688, stack(0x000000dac2900000,0x000000dac2a00000) (1024K)]


Current CompileTask:
C2:465467 19152       4       org.eclipse.jdt.core.dom.MethodDeclaration::accept0 (174 bytes)

Stack: [0x000000dac2900000,0x000000dac2a00000]
Native frames: (J=compiled Java code, j=interpreted, Vv=VM code, C=native code)
V  [jvm.dll+0x6d83e9]
V  [jvm.dll+0x8b5736]
V  [jvm.dll+0x8b7cee]
V  [jvm.dll+0x8b83d3]
V  [jvm.dll+0x284596]
V  [jvm.dll+0xc685d]
V  [jvm.dll+0xc6da1]
V  [jvm.dll+0x2fb5ae]
V  [jvm.dll+0x5fee94]
V  [jvm.dll+0x255d67]
V  [jvm.dll+0x25612d]
V  [jvm.dll+0x24e6a0]
V  [jvm.dll+0x24bbe6]
V  [jvm.dll+0x1cb4ae]
V  [jvm.dll+0x25baad]
V  [jvm.dll+0x25a03a]
V  [jvm.dll+0x3f8aae]
V  [jvm.dll+0x8600cd]
V  [jvm.dll+0x6d6c1d]
C  [ucrtbase.dll+0x29333]
C  [KERNEL32.DLL+0x1257d]
C  [ntdll.dll+0x5af08]


---------------  P R O C E S S  ---------------

Threads class SMR info:
_java_thread_list=0x000002237cfb26d0, length=47, elements={
0x000002235e5408c0, 0x000002235e5faad0, 0x000002235e5fc2e0, 0x000002235e5fe340,
0x000002235e0a4b60, 0x000002235e0a6ef0, 0x000002235e0b3e60, 0x000002235e0bb960,
0x000002235e0be6a0, 0x0000022374a73d70, 0x0000022374a74400, 0x0000022374a76b60,
0x0000022374a764d0, 0x0000022374a75120, 0x0000022374a736e0, 0x0000022374a74a90,
0x0000022374a757b0, 0x0000022374a75e40, 0x0000022379f68af0, 0x0000022379f69180,
0x0000022379f6bf70, 0x0000022379f69ea0, 0x0000022379f670b0, 0x0000022379f6b250,
0x0000022379f6d320, 0x0000022379f6d9b0, 0x0000022379f6e040, 0x0000022379f69810,
0x0000022379f6a530, 0x0000022379f6e6d0, 0x0000022379f6abc0, 0x0000022379f67dd0,
0x0000022379f68460, 0x000002237ba46eb0, 0x000002237ba46190, 0x000002237a12d880,
0x000002237a12d1f0, 0x000002237a12df10, 0x000002237a131390, 0x000002237a12ec30,
0x000002237a12e5a0, 0x000002237a131a20, 0x000002237a12f2c0, 0x000002237a12f950,
0x000002237d391c50, 0x000002237d38cd90, 0x000002237d38b9e0
}

Java Threads: ( => current thread )
  0x000002235e5408c0 JavaThread "main"                              [_thread_blocked, id=3808, stack(0x000000dac1f00000,0x000000dac2000000) (1024K)]
  0x000002235e5faad0 JavaThread "Reference Handler"          daemon [_thread_blocked, id=1868, stack(0x000000dac2300000,0x000000dac2400000) (1024K)]
  0x000002235e5fc2e0 JavaThread "Finalizer"                  daemon [_thread_blocked, id=13856, stack(0x000000dac2400000,0x000000dac2500000) (1024K)]
  0x000002235e5fe340 JavaThread "Signal Dispatcher"          daemon [_thread_blocked, id=5264, stack(0x000000dac2500000,0x000000dac2600000) (1024K)]
  0x000002235e0a4b60 JavaThread "Attach Listener"            daemon [_thread_blocked, id=13324, stack(0x000000dac2600000,0x000000dac2700000) (1024K)]
  0x000002235e0a6ef0 JavaThread "Service Thread"             daemon [_thread_blocked, id=2208, stack(0x000000dac2700000,0x000000dac2800000) (1024K)]
  0x000002235e0b3e60 JavaThread "Monitor Deflation Thread"   daemon [_thread_blocked, id=5224, stack(0x000000dac2800000,0x000000dac2900000) (1024K)]
=>0x000002235e0bb960 JavaThread "C2 CompilerThread0"         daemon [_thread_in_native, id=12688, stack(0x000000dac2900000,0x000000dac2a00000) (1024K)]
  0x000002235e0be6a0 JavaThread "C1 CompilerThread0"         daemon [_thread_blocked, id=13456, stack(0x000000dac2a00000,0x000000dac2b00000) (1024K)]
  0x0000022374a73d70 JavaThread "Common-Cleaner"             daemon [_thread_blocked, id=13144, stack(0x000000dac2b00000,0x000000dac2c00000) (1024K)]
  0x0000022374a74400 JavaThread "Notification Thread"        daemon [_thread_blocked, id=11352, stack(0x000000dac2c00000,0x000000dac2d00000) (1024K)]
  0x0000022374a76b60 JavaThread "Active Thread: Equinox Container: 14418ce2-61df-4dc8-9d8b-da2f7292e7d6"        [_thread_blocked, id=244, stack(0x000000dac2d00000,0x000000dac2e00000) (1024K)]
  0x0000022374a764d0 JavaThread "Refresh Thread: Equinox Container: 14418ce2-61df-4dc8-9d8b-da2f7292e7d6" daemon [_thread_blocked, id=14328, stack(0x000000dac3500000,0x000000dac3600000) (1024K)]
  0x0000022374a75120 JavaThread "Framework Event Dispatcher: Equinox Container: 14418ce2-61df-4dc8-9d8b-da2f7292e7d6" daemon [_thread_blocked, id=5684, stack(0x000000dac3600000,0x000000dac3700000) (1024K)]
  0x0000022374a736e0 JavaThread "Start Level: Equinox Container: 14418ce2-61df-4dc8-9d8b-da2f7292e7d6" daemon [_thread_blocked, id=10000, stack(0x000000dac3700000,0x000000dac3800000) (1024K)]
  0x0000022374a74a90 JavaThread "Bundle File Closer"         daemon [_thread_blocked, id=1060, stack(0x000000dac3800000,0x000000dac3900000) (1024K)]
  0x0000022374a757b0 JavaThread "SCR Component Actor"        daemon [_thread_blocked, id=11628, stack(0x000000dac3900000,0x000000dac3a00000) (1024K)]
  0x0000022374a75e40 JavaThread "Worker-JM"                         [_thread_blocked, id=8908, stack(0x000000dac3c00000,0x000000dac3d00000) (1024K)]
  0x0000022379f68af0 JavaThread "JNA Cleaner"                daemon [_thread_blocked, id=13928, stack(0x000000dac3a00000,0x000000dac3b00000) (1024K)]
  0x0000022379f69180 JavaThread "Worker-1"                          [_thread_blocked, id=9164, stack(0x000000dac3d00000,0x000000dac3e00000) (1024K)]
  0x0000022379f6bf70 JavaThread "Java indexing"              daemon [_thread_blocked, id=2928, stack(0x000000dac4100000,0x000000dac4200000) (1024K)]
  0x0000022379f69ea0 JavaThread "Worker-4"                          [_thread_blocked, id=4996, stack(0x000000dac4400000,0x000000dac4500000) (1024K)]
  0x0000022379f670b0 JavaThread "Thread-1"                   daemon [_thread_in_native, id=13768, stack(0x000000dac4500000,0x000000dac4600000) (1024K)]
  0x0000022379f6b250 JavaThread "Thread-2"                   daemon [_thread_in_native, id=14156, stack(0x000000dac4600000,0x000000dac4700000) (1024K)]
  0x0000022379f6d320 JavaThread "Thread-3"                   daemon [_thread_in_native, id=14024, stack(0x000000dac4700000,0x000000dac4800000) (1024K)]
  0x0000022379f6d9b0 JavaThread "Thread-4"                   daemon [_thread_in_native, id=12484, stack(0x000000dac4800000,0x000000dac4900000) (1024K)]
  0x0000022379f6e040 JavaThread "Thread-5"                   daemon [_thread_in_native, id=8432, stack(0x000000dac4900000,0x000000dac4a00000) (1024K)]
  0x0000022379f69810 JavaThread "Thread-6"                   daemon [_thread_in_native, id=13028, stack(0x000000dac4a00000,0x000000dac4b00000) (1024K)]
  0x0000022379f6a530 JavaThread "Thread-7"                   daemon [_thread_in_native, id=6344, stack(0x000000dac4b00000,0x000000dac4c00000) (1024K)]
  0x0000022379f6e6d0 JavaThread "Thread-8"                   daemon [_thread_in_native, id=14168, stack(0x000000dac4c00000,0x000000dac4d00000) (1024K)]
  0x0000022379f6abc0 JavaThread "Thread-9"                   daemon [_thread_in_native, id=14016, stack(0x000000dac4d00000,0x000000dac4e00000) (1024K)]
  0x0000022379f67dd0 JavaThread "pool-2-thread-1"                   [_thread_blocked, id=13408, stack(0x000000dac4e00000,0x000000dac4f00000) (1024K)]
  0x0000022379f68460 JavaThread "WorkspaceEventsHandler"            [_thread_blocked, id=8648, stack(0x000000dac5000000,0x000000dac5100000) (1024K)]
  0x000002237ba46eb0 JavaThread "pool-1-thread-1"                   [_thread_blocked, id=9124, stack(0x000000dac5100000,0x000000dac5200000) (1024K)]
  0x000002237ba46190 JavaThread "ForkJoinPool.commonPool-worker-1" daemon [_thread_blocked, id=6004, stack(0x000000dac4f00000,0x000000dac5000000) (1024K)]
  0x000002237a12d880 JavaThread "ForkJoinPool.commonPool-worker-2" daemon [_thread_blocked, id=11348, stack(0x000000dac4300000,0x000000dac4400000) (1024K)]
  0x000002237a12d1f0 JavaThread "ForkJoinPool.commonPool-worker-3" daemon [_thread_blocked, id=14232, stack(0x000000dac5300000,0x000000dac5400000) (1024K)]
  0x000002237a12df10 JavaThread "PatternSearchJob-worker-1"  daemon [_thread_blocked, id=11796, stack(0x000000dac5400000,0x000000dac5500000) (1024K)]
  0x000002237a131390 JavaThread "PatternSearchJob-worker-2"  daemon [_thread_blocked, id=10316, stack(0x000000dac5500000,0x000000dac5600000) (1024K)]
  0x000002237a12ec30 JavaThread "PatternSearchJob-worker-3"  daemon [_thread_blocked, id=6648, stack(0x000000dac5600000,0x000000dac5700000) (1024K)]
  0x000002237a12e5a0 JavaThread "PatternSearchJob-worker-4"  daemon [_thread_blocked, id=13020, stack(0x000000dac5700000,0x000000dac5800000) (1024K)]
  0x000002237a131a20 JavaThread "PatternSearchJob-worker-5"  daemon [_thread_blocked, id=14028, stack(0x000000dac5800000,0x000000dac5900000) (1024K)]
  0x000002237a12f2c0 JavaThread "PatternSearchJob-worker-6"  daemon [_thread_blocked, id=6056, stack(0x000000dac5900000,0x000000dac5a00000) (1024K)]
  0x000002237a12f950 JavaThread "PatternSearchJob-worker-7"  daemon [_thread_blocked, id=3620, stack(0x000000dac5a00000,0x000000dac5b00000) (1024K)]
  0x000002237d391c50 JavaThread "Cleaner-0"                  daemon [_thread_blocked, id=10412, stack(0x000000dac1e00000,0x000000dac1f00000) (1024K)]
  0x000002237d38cd90 JavaThread "ForkJoinPool.commonPool-worker-4" daemon [_thread_blocked, id=6084, stack(0x000000dac5b00000,0x000000dac5c00000) (1024K)]
  0x000002237d38b9e0 JavaThread "ForkJoinPool.commonPool-worker-5" daemon [_thread_blocked, id=8224, stack(0x000000dac1c00000,0x000000dac1d00000) (1024K)]
Total: 47

Other Threads:
  0x000002235e5de7b0 VMThread "VM Thread"                           [id=12912, stack(0x000000dac2200000,0x000000dac2300000) (1024K)]
  0x000002235dfbca00 WatcherThread "VM Periodic Task Thread"        [id=7628, stack(0x000000dac2100000,0x000000dac2200000) (1024K)]
  0x000002235e55d930 WorkerThread "GC Thread#0"                     [id=2440, stack(0x000000dac2000000,0x000000dac2100000) (1024K)]
  0x00000223790d6a40 WorkerThread "GC Thread#1"                     [id=3708, stack(0x000000dac2e00000,0x000000dac2f00000) (1024K)]
  0x00000223797c1460 WorkerThread "GC Thread#2"                     [id=3936, stack(0x000000dac2f00000,0x000000dac3000000) (1024K)]
  0x00000223797c1810 WorkerThread "GC Thread#3"                     [id=11768, stack(0x000000dac3000000,0x000000dac3100000) (1024K)]
  0x00000223797c1bc0 WorkerThread "GC Thread#4"                     [id=13464, stack(0x000000dac3100000,0x000000dac3200000) (1024K)]
  0x00000223792807e0 WorkerThread "GC Thread#5"                     [id=5968, stack(0x000000dac3200000,0x000000dac3300000) (1024K)]
  0x0000022379280f90 WorkerThread "GC Thread#6"                     [id=10960, stack(0x000000dac3300000,0x000000dac3400000) (1024K)]
  0x000002237949bfa0 WorkerThread "GC Thread#7"                     [id=1836, stack(0x000000dac3400000,0x000000dac3500000) (1024K)]
Total: 10

Threads with active compile tasks:
C2 CompilerThread0  466442 19152       4       org.eclipse.jdt.core.dom.MethodDeclaration::accept0 (174 bytes)
Total: 1

VM state: not at safepoint (normal execution)

VM Mutex/Monitor currently owned by a thread: None

OutOfMemory and StackOverflow Exception counts:
OutOfMemoryError java_heap_errors=1
LinkageErrors=133

Heap address: 0x0000000600000000, size: 8192 MB, Compressed Oops mode: Zero based, Oop shift amount: 3

CDS archive(s) mapped at: [0x0000022310000000-0x0000022310ba0000-0x0000022310ba0000), size 12189696, SharedBaseAddress: 0x0000022310000000, ArchiveRelocationMode: 1.
Compressed class space mapped at: 0x0000022311000000-0x0000022351000000, reserved size: 1073741824
Narrow klass base: 0x0000022310000000, Narrow klass shift: 0, Narrow klass range: 0x100000000

GC Precious Log:
 CardTable entry size: 512
 CPUs: 8 total, 8 available
 Memory: 12193M
 Large Page Support: Disabled
 NUMA Support: Disabled
 Compressed Oops: Enabled (Zero based)
 Alignments: Space 512K, Generation 512K, Heap 2M
 Heap Min Capacity: 100M
 Heap Initial Capacity: 100M
 Heap Max Capacity: 8G
 Pre-touch: Disabled
 Parallel Workers: 8

Heap:
 PSYoungGen      total 7680K, used 4027K [0x0000000755580000, 0x0000000756100000, 0x0000000800000000)
  eden space 4096K, 15% used [0x0000000755580000,0x0000000755623170,0x0000000755980000)
  from space 3584K, 94% used [0x0000000755d80000,0x00000007560cbb60,0x0000000756100000)
  to   space 3584K, 0% used [0x0000000755980000,0x0000000755980000,0x0000000755d00000)
 ParOldGen       total 5592576K, used 152129K [0x0000000600000000, 0x0000000755580000, 0x0000000755580000)
  object space 5592576K, 2% used [0x0000000600000000,0x0000000609490660,0x0000000755580000)
 Metaspace       used 78665K, committed 80128K, reserved 1179648K
  class space    used 7805K, committed 8448K, reserved 1048576K

Card table byte_map: [0x0000022370740000,0x0000022371750000] _byte_map_base: 0x000002236d740000

Marking Bits: (ParMarkBitMap*) 0x00007ffdcf1f44a0
 Begin Bits: [0x0000022300000000, 0x0000022308000000)
 End Bits:   [0x0000022308000000, 0x0000022310000000)

Polling page: 0x000002235c330000

Metaspace:

Usage:
  Non-class:     69.20 MB used.
      Class:      7.62 MB used.
       Both:     76.82 MB used.

Virtual space:
  Non-class space:      128.00 MB reserved,      70.00 MB ( 55%) committed,  2 nodes.
      Class space:        1.00 GB reserved,       8.25 MB ( <1%) committed,  1 nodes.
             Both:        1.12 GB reserved,      78.25 MB (  7%) committed. 

Chunk freelists:
   Non-Class:  9.48 MB
       Class:  7.70 MB
        Both:  17.18 MB

MaxMetaspaceSize: unlimited
CompressedClassSpaceSize: 1.00 GB
Initial GC threshold: 21.00 MB
Current GC threshold: 127.62 MB
CDS: on
 - commit_granule_bytes: 65536.
 - commit_granule_words: 8192.
 - virtual_space_node_default_size: 8388608.
 - enlarge_chunks_in_place: 1.
 - use_allocation_guard: 0.


Internal statistics:

num_allocs_failed_limit: 9.
num_arena_births: 1640.
num_arena_deaths: 416.
num_vsnodes_births: 3.
num_vsnodes_deaths: 0.
num_space_committed: 1252.
num_space_uncommitted: 0.
num_chunks_returned_to_freelist: 515.
num_chunks_taken_from_freelist: 5555.
num_chunk_merges: 157.
num_chunk_splits: 3174.
num_chunks_enlarged: 1722.
num_inconsistent_stats: 0.

CodeHeap 'non-profiled nmethods': size=120000Kb used=16380Kb max_used=16380Kb free=103619Kb
 bounds [0x0000022369210000, 0x000002236a210000, 0x0000022370740000]
CodeHeap 'profiled nmethods': size=120000Kb used=41039Kb max_used=41039Kb free=78960Kb
 bounds [0x0000022361740000, 0x0000022363f60000, 0x0000022368c70000]
CodeHeap 'non-nmethods': size=5760Kb used=1501Kb max_used=1592Kb free=4258Kb
 bounds [0x0000022368c70000, 0x0000022368ee0000, 0x0000022369210000]
CodeCache: size=245760Kb, used=58920Kb, max_used=59011Kb, free=186837Kb
 total_blobs=18363, nmethods=17540, adapters=725, full_count=1
Compilation: disabled (not enough contiguous free space left), stopped_count=1, restarted_count=0

Compilation events (20 events):
Event: 465.315 Thread 0x000002235e0bb960 nmethod 19151 0x000002236a20cb90 code [0x000002236a20cea0, 0x000002236a20e4c8]
Event: 465.315 Thread 0x000002235e0bb960 19152       4       org.eclipse.jdt.core.dom.MethodDeclaration::accept0 (174 bytes)
Event: 465.331 Thread 0x000002235e0be6a0 19155       3       org.eclipse.jdt.internal.compiler.ast.QualifiedNameReference::getOtherFieldBindings (692 bytes)
Event: 465.335 Thread 0x000002235e0be6a0 nmethod 19155 0x0000022363f46910 code [0x0000022363f46e60, 0x0000022363f4a338]
Event: 465.335 Thread 0x000002235e0be6a0 19156       3       org.eclipse.jdt.internal.compiler.ast.QualifiedNameReference::computeConversion (212 bytes)
Event: 465.337 Thread 0x000002235e0be6a0 nmethod 19156 0x0000022363f4b290 code [0x0000022363f4b600, 0x0000022363f4cf50]
Event: 465.337 Thread 0x000002235e0be6a0 19157       3       org.eclipse.jdt.internal.compiler.ast.IntLiteral::literalType (4 bytes)
Event: 465.337 Thread 0x000002235e0be6a0 nmethod 19157 0x0000022363f4d690 code [0x0000022363f4d820, 0x0000022363f4d938]
Event: 465.337 Thread 0x000002235e0be6a0 19158       3       org.eclipse.jdt.internal.compiler.ast.IntLiteral::computeConstant (293 bytes)
Event: 465.338 Thread 0x000002235e0be6a0 nmethod 19158 0x0000022363f4da10 code [0x0000022363f4dcc0, 0x0000022363f4e7d0]
Event: 465.338 Thread 0x000002235e0be6a0 19159       3       org.eclipse.jdt.internal.compiler.ast.TryStatement::doesNotCompleteNormally (91 bytes)
Event: 465.339 Thread 0x000002235e0be6a0 nmethod 19159 0x0000022363f4ea90 code [0x0000022363f4eca0, 0x0000022363f4f188]
Event: 465.339 Thread 0x000002235e0be6a0 19160       3       org.eclipse.jdt.internal.compiler.lookup.MethodBinding::genericMethod (2 bytes)
Event: 465.339 Thread 0x000002235e0be6a0 nmethod 19160 0x0000022363f4f390 code [0x0000022363f4f520, 0x0000022363f4f630]
Event: 465.339 Thread 0x000002235e0be6a0 19162       3       org.eclipse.jdt.internal.compiler.ast.QualifiedNameReference::analyseCode (341 bytes)
Event: 465.341 Thread 0x000002235e0be6a0 nmethod 19162 0x0000022363f4f710 code [0x0000022363f4fa40, 0x0000022363f50fc0]
Event: 465.341 Thread 0x000002235e0be6a0 19163       3       org.eclipse.jdt.internal.compiler.lookup.ParameterizedTypeBinding::genericTypeSignature (230 bytes)
Event: 465.342 Thread 0x000002235e0be6a0 nmethod 19163 0x0000022363f51690 code [0x0000022363f51a00, 0x0000022363f52d70]
Event: 465.342 Thread 0x000002235e0be6a0 19164       3       org.eclipse.jdt.internal.compiler.codegen.CodeStream::astore_3 (84 bytes)
Event: 465.342 Thread 0x000002235e0be6a0 nmethod 19164 0x0000022363f53410 code [0x0000022363f535e0, 0x0000022363f538e0]

GC Heap History (20 events):
Event: 465.001 GC heap before
{Heap before GC invocations=245 (full 6):
 PSYoungGen      total 8192K, used 8188K [0x0000000755580000, 0x0000000756500000, 0x0000000800000000)
  eden space 2560K, 100% used [0x0000000755580000,0x0000000755800000,0x0000000755800000)
  from space 5632K, 99% used [0x0000000755e00000,0x000000075637f150,0x0000000756380000)
  to   space 6144K, 0% used [0x0000000755800000,0x0000000755800000,0x0000000755e00000)
 ParOldGen       total 5592576K, used 145892K [0x0000000600000000, 0x0000000755580000, 0x0000000755580000)
  object space 5592576K, 2% used [0x0000000600000000,0x0000000608e793c0,0x0000000755580000)
 Metaspace       used 78618K, committed 80064K, reserved 1179648K
  class space    used 7805K, committed 8448K, reserved 1048576K
}
Event: 465.006 GC heap after
{Heap after GC invocations=245 (full 6):
 PSYoungGen      total 8704K, used 5191K [0x0000000755580000, 0x0000000756380000, 0x0000000800000000)
  eden space 2560K, 0% used [0x0000000755580000,0x0000000755580000,0x0000000755800000)
  from space 6144K, 84% used [0x0000000755800000,0x0000000755d11f10,0x0000000755e00000)
  to   space 5632K, 0% used [0x0000000755e00000,0x0000000755e00000,0x0000000756380000)
 ParOldGen       total 5592576K, used 146572K [0x0000000600000000, 0x0000000755580000, 0x0000000755580000)
  object space 5592576K, 2% used [0x0000000600000000,0x0000000608f23370,0x0000000755580000)
 Metaspace       used 78618K, committed 80064K, reserved 1179648K
  class space    used 7805K, committed 8448K, reserved 1048576K
}
Event: 465.029 GC heap before
{Heap before GC invocations=246 (full 6):
 PSYoungGen      total 8704K, used 7751K [0x0000000755580000, 0x0000000756380000, 0x0000000800000000)
  eden space 2560K, 100% used [0x0000000755580000,0x0000000755800000,0x0000000755800000)
  from space 6144K, 84% used [0x0000000755800000,0x0000000755d11f10,0x0000000755e00000)
  to   space 5632K, 0% used [0x0000000755e00000,0x0000000755e00000,0x0000000756380000)
 ParOldGen       total 5592576K, used 146572K [0x0000000600000000, 0x0000000755580000, 0x0000000755580000)
  object space 5592576K, 2% used [0x0000000600000000,0x0000000608f23370,0x0000000755580000)
 Metaspace       used 78618K, committed 80064K, reserved 1179648K
  class space    used 7805K, committed 8448K, reserved 1048576K
}
Event: 465.034 GC heap after
{Heap after GC invocations=246 (full 6):
 PSYoungGen      total 8704K, used 5423K [0x0000000755580000, 0x0000000756380000, 0x0000000800000000)
  eden space 3072K, 0% used [0x0000000755580000,0x0000000755580000,0x0000000755880000)
  from space 5632K, 96% used [0x0000000755e00000,0x000000075634bfe0,0x0000000756380000)
  to   space 5632K, 0% used [0x0000000755880000,0x0000000755880000,0x0000000755e00000)
 ParOldGen       total 5592576K, used 146572K [0x0000000600000000, 0x0000000755580000, 0x0000000755580000)
  object space 5592576K, 2% used [0x0000000600000000,0x0000000608f23370,0x0000000755580000)
 Metaspace       used 78618K, committed 80064K, reserved 1179648K
  class space    used 7805K, committed 8448K, reserved 1048576K
}
Event: 465.176 GC heap before
{Heap before GC invocations=247 (full 6):
 PSYoungGen      total 8704K, used 8495K [0x0000000755580000, 0x0000000756380000, 0x0000000800000000)
  eden space 3072K, 100% used [0x0000000755580000,0x0000000755880000,0x0000000755880000)
  from space 5632K, 96% used [0x0000000755e00000,0x000000075634bfe0,0x0000000756380000)
  to   space 5632K, 0% used [0x0000000755880000,0x0000000755880000,0x0000000755e00000)
 ParOldGen       total 5592576K, used 146572K [0x0000000600000000, 0x0000000755580000, 0x0000000755580000)
  object space 5592576K, 2% used [0x0000000600000000,0x0000000608f23370,0x0000000755580000)
 Metaspace       used 78620K, committed 80064K, reserved 1179648K
  class space    used 7805K, committed 8448K, reserved 1048576K
}
Event: 465.182 GC heap after
{Heap after GC invocations=247 (full 6):
 PSYoungGen      total 8192K, used 4712K [0x0000000755580000, 0x0000000756280000, 0x0000000800000000)
  eden space 3072K, 0% used [0x0000000755580000,0x0000000755580000,0x0000000755880000)
  from space 5120K, 92% used [0x0000000755880000,0x0000000755d1a3b0,0x0000000755d80000)
  to   space 5120K, 0% used [0x0000000755d80000,0x0000000755d80000,0x0000000756280000)
 ParOldGen       total 5592576K, used 147342K [0x0000000600000000, 0x0000000755580000, 0x0000000755580000)
  object space 5592576K, 2% used [0x0000000600000000,0x0000000608fe3aa0,0x0000000755580000)
 Metaspace       used 78620K, committed 80064K, reserved 1179648K
  class space    used 7805K, committed 8448K, reserved 1048576K
}
Event: 465.202 GC heap before
{Heap before GC invocations=248 (full 6):
 PSYoungGen      total 8192K, used 7784K [0x0000000755580000, 0x0000000756280000, 0x0000000800000000)
  eden space 3072K, 100% used [0x0000000755580000,0x0000000755880000,0x0000000755880000)
  from space 5120K, 92% used [0x0000000755880000,0x0000000755d1a3b0,0x0000000755d80000)
  to   space 5120K, 0% used [0x0000000755d80000,0x0000000755d80000,0x0000000756280000)
 ParOldGen       total 5592576K, used 147342K [0x0000000600000000, 0x0000000755580000, 0x0000000755580000)
  object space 5592576K, 2% used [0x0000000600000000,0x0000000608fe3aa0,0x0000000755580000)
 Metaspace       used 78620K, committed 80064K, reserved 1179648K
  class space    used 7805K, committed 8448K, reserved 1048576K
}
Event: 465.207 GC heap after
{Heap after GC invocations=248 (full 6):
 PSYoungGen      total 7680K, used 5096K [0x0000000755580000, 0x0000000756400000, 0x0000000800000000)
  eden space 2560K, 0% used [0x0000000755580000,0x0000000755580000,0x0000000755800000)
  from space 5120K, 99% used [0x0000000755d80000,0x000000075627a3b0,0x0000000756280000)
  to   space 5632K, 0% used [0x0000000755800000,0x0000000755800000,0x0000000755d80000)
 ParOldGen       total 5592576K, used 147542K [0x0000000600000000, 0x0000000755580000, 0x0000000755580000)
  object space 5592576K, 2% used [0x0000000600000000,0x0000000609015ac0,0x0000000755580000)
 Metaspace       used 78620K, committed 80064K, reserved 1179648K
  class space    used 7805K, committed 8448K, reserved 1048576K
}
Event: 465.235 GC heap before
{Heap before GC invocations=249 (full 6):
 PSYoungGen      total 7680K, used 7656K [0x0000000755580000, 0x0000000756400000, 0x0000000800000000)
  eden space 2560K, 100% used [0x0000000755580000,0x0000000755800000,0x0000000755800000)
  from space 5120K, 99% used [0x0000000755d80000,0x000000075627a3b0,0x0000000756280000)
  to   space 5632K, 0% used [0x0000000755800000,0x0000000755800000,0x0000000755d80000)
 ParOldGen       total 5592576K, used 147542K [0x0000000600000000, 0x0000000755580000, 0x0000000755580000)
  object space 5592576K, 2% used [0x0000000600000000,0x0000000609015ac0,0x0000000755580000)
 Metaspace       used 78620K, committed 80064K, reserved 1179648K
  class space    used 7805K, committed 8448K, reserved 1048576K
}
Event: 465.241 GC heap after
{Heap after GC invocations=249 (full 6):
 PSYoungGen      total 8192K, used 5345K [0x0000000755580000, 0x0000000756380000, 0x0000000800000000)
  eden space 2560K, 0% used [0x0000000755580000,0x0000000755580000,0x0000000755800000)
  from space 5632K, 94% used [0x0000000755800000,0x0000000755d38450,0x0000000755d80000)
  to   space 5632K, 0% used [0x0000000755e00000,0x0000000755e00000,0x0000000756380000)
 ParOldGen       total 5592576K, used 147902K [0x0000000600000000, 0x0000000755580000, 0x0000000755580000)
  object space 5592576K, 2% used [0x0000000600000000,0x000000060906fa50,0x0000000755580000)
 Metaspace       used 78620K, committed 80064K, reserved 1179648K
  class space    used 7805K, committed 8448K, reserved 1048576K
}
Event: 465.276 GC heap before
{Heap before GC invocations=250 (full 6):
 PSYoungGen      total 8192K, used 7905K [0x0000000755580000, 0x0000000756380000, 0x0000000800000000)
  eden space 2560K, 100% used [0x0000000755580000,0x0000000755800000,0x0000000755800000)
  from space 5632K, 94% used [0x0000000755800000,0x0000000755d38450,0x0000000755d80000)
  to   space 5632K, 0% used [0x0000000755e00000,0x0000000755e00000,0x0000000756380000)
 ParOldGen       total 5592576K, used 147902K [0x0000000600000000, 0x0000000755580000, 0x0000000755580000)
  object space 5592576K, 2% used [0x0000000600000000,0x000000060906fa50,0x0000000755580000)
 Metaspace       used 78622K, committed 80064K, reserved 1179648K
  class space    used 7805K, committed 8448K, reserved 1048576K
}
Event: 465.281 GC heap after
{Heap after GC invocations=250 (full 6):
 PSYoungGen      total 8192K, used 5620K [0x0000000755580000, 0x0000000756380000, 0x0000000800000000)
  eden space 2560K, 0% used [0x0000000755580000,0x0000000755580000,0x0000000755800000)
  from space 5632K, 99% used [0x0000000755e00000,0x000000075637d1f0,0x0000000756380000)
  to   space 5632K, 0% used [0x0000000755800000,0x0000000755800000,0x0000000755d80000)
 ParOldGen       total 5592576K, used 147934K [0x0000000600000000, 0x0000000755580000, 0x0000000755580000)
  object space 5592576K, 2% used [0x0000000600000000,0x0000000609077a50,0x0000000755580000)
 Metaspace       used 78622K, committed 80064K, reserved 1179648K
  class space    used 7805K, committed 8448K, reserved 1048576K
}
Event: 465.297 GC heap before
{Heap before GC invocations=251 (full 6):
 PSYoungGen      total 8192K, used 8180K [0x0000000755580000, 0x0000000756380000, 0x0000000800000000)
  eden space 2560K, 100% used [0x0000000755580000,0x0000000755800000,0x0000000755800000)
  from space 5632K, 99% used [0x0000000755e00000,0x000000075637d1f0,0x0000000756380000)
  to   space 5632K, 0% used [0x0000000755800000,0x0000000755800000,0x0000000755d80000)
 ParOldGen       total 5592576K, used 147934K [0x0000000600000000, 0x0000000755580000, 0x0000000755580000)
  object space 5592576K, 2% used [0x0000000600000000,0x0000000609077a50,0x0000000755580000)
 Metaspace       used 78623K, committed 80064K, reserved 1179648K
  class space    used 7805K, committed 8448K, reserved 1048576K
}
Event: 465.305 GC heap after
{Heap after GC invocations=251 (full 6):
 PSYoungGen      total 8192K, used 5156K [0x0000000755580000, 0x0000000756380000, 0x0000000800000000)
  eden space 2560K, 0% used [0x0000000755580000,0x0000000755580000,0x0000000755800000)
  from space 5632K, 91% used [0x0000000755800000,0x0000000755d091a0,0x0000000755d80000)
  to   space 5632K, 0% used [0x0000000755e00000,0x0000000755e00000,0x0000000756380000)
 ParOldGen       total 5592576K, used 149141K [0x0000000600000000, 0x0000000755580000, 0x0000000755580000)
  object space 5592576K, 2% used [0x0000000600000000,0x00000006091a5520,0x0000000755580000)
 Metaspace       used 78623K, committed 80064K, reserved 1179648K
  class space    used 7805K, committed 8448K, reserved 1048576K
}
Event: 465.318 GC heap before
{Heap before GC invocations=252 (full 6):
 PSYoungGen      total 8192K, used 7716K [0x0000000755580000, 0x0000000756380000, 0x0000000800000000)
  eden space 2560K, 100% used [0x0000000755580000,0x0000000755800000,0x0000000755800000)
  from space 5632K, 91% used [0x0000000755800000,0x0000000755d091a0,0x0000000755d80000)
  to   space 5632K, 0% used [0x0000000755e00000,0x0000000755e00000,0x0000000756380000)
 ParOldGen       total 5592576K, used 149141K [0x0000000600000000, 0x0000000755580000, 0x0000000755580000)
  object space 5592576K, 2% used [0x0000000600000000,0x00000006091a5520,0x0000000755580000)
 Metaspace       used 78623K, committed 80064K, reserved 1179648K
  class space    used 7805K, committed 8448K, reserved 1048576K
}
Event: 465.321 GC heap after
{Heap after GC invocations=252 (full 6):
 PSYoungGen      total 8704K, used 5477K [0x0000000755580000, 0x0000000756380000, 0x0000000800000000)
  eden space 3072K, 0% used [0x0000000755580000,0x0000000755580000,0x0000000755880000)
  from space 5632K, 97% used [0x0000000755e00000,0x0000000756359600,0x0000000756380000)
  to   space 5632K, 0% used [0x0000000755880000,0x0000000755880000,0x0000000755e00000)
 ParOldGen       total 5592576K, used 149141K [0x0000000600000000, 0x0000000755580000, 0x0000000755580000)
  object space 5592576K, 2% used [0x0000000600000000,0x00000006091a5520,0x0000000755580000)
 Metaspace       used 78623K, committed 80064K, reserved 1179648K
  class space    used 7805K, committed 8448K, reserved 1048576K
}
Event: 465.347 GC heap before
{Heap before GC invocations=253 (full 6):
 PSYoungGen      total 8704K, used 8549K [0x0000000755580000, 0x0000000756380000, 0x0000000800000000)
  eden space 3072K, 100% used [0x0000000755580000,0x0000000755880000,0x0000000755880000)
  from space 5632K, 97% used [0x0000000755e00000,0x0000000756359600,0x0000000756380000)
  to   space 5632K, 0% used [0x0000000755880000,0x0000000755880000,0x0000000755e00000)
 ParOldGen       total 5592576K, used 149141K [0x0000000600000000, 0x0000000755580000, 0x0000000755580000)
  object space 5592576K, 2% used [0x0000000600000000,0x00000006091a5520,0x0000000755580000)
 Metaspace       used 78637K, committed 80064K, reserved 1179648K
  class space    used 7805K, committed 8448K, reserved 1048576K
}
Event: 465.350 GC heap after
{Heap after GC invocations=253 (full 6):
 PSYoungGen      total 8704K, used 4461K [0x0000000755580000, 0x0000000756300000, 0x0000000800000000)
  eden space 3072K, 0% used [0x0000000755580000,0x0000000755580000,0x0000000755880000)
  from space 5632K, 79% used [0x0000000755880000,0x0000000755cdb690,0x0000000755e00000)
  to   space 5120K, 0% used [0x0000000755e00000,0x0000000755e00000,0x0000000756300000)
 ParOldGen       total 5592576K, used 149141K [0x0000000600000000, 0x0000000755580000, 0x0000000755580000)
  object space 5592576K, 2% used [0x0000000600000000,0x00000006091a5520,0x0000000755580000)
 Metaspace       used 78637K, committed 80064K, reserved 1179648K
  class space    used 7805K, committed 8448K, reserved 1048576K
}
Event: 465.363 GC heap before
{Heap before GC invocations=254 (full 6):
 PSYoungGen      total 8704K, used 7533K [0x0000000755580000, 0x0000000756300000, 0x0000000800000000)
  eden space 3072K, 100% used [0x0000000755580000,0x0000000755880000,0x0000000755880000)
  from space 5632K, 79% used [0x0000000755880000,0x0000000755cdb690,0x0000000755e00000)
  to   space 5120K, 0% used [0x0000000755e00000,0x0000000755e00000,0x0000000756300000)
 ParOldGen       total 5592576K, used 149141K [0x0000000600000000, 0x0000000755580000, 0x0000000755580000)
  object space 5592576K, 2% used [0x0000000600000000,0x00000006091a5520,0x0000000755580000)
 Metaspace       used 78637K, committed 80064K, reserved 1179648K
  class space    used 7805K, committed 8448K, reserved 1048576K
}
Event: 465.366 GC heap after
{Heap after GC invocations=254 (full 6):
 PSYoungGen      total 8192K, used 4547K [0x0000000755580000, 0x0000000756280000, 0x0000000800000000)
  eden space 3584K, 0% used [0x0000000755580000,0x0000000755580000,0x0000000755900000)
  from space 4608K, 98% used [0x0000000755e00000,0x0000000756270ce0,0x0000000756280000)
  to   space 4608K, 0% used [0x0000000755980000,0x0000000755980000,0x0000000755e00000)
 ParOldGen       total 5592576K, used 149189K [0x0000000600000000, 0x0000000755580000, 0x0000000755580000)
  object space 5592576K, 2% used [0x0000000600000000,0x00000006091b1520,0x0000000755580000)
 Metaspace       used 78637K, committed 80064K, reserved 1179648K
  class space    used 7805K, committed 8448K, reserved 1048576K
}

Dll operation events (20 events):
Event: 1.745 Attempting to load shared library C:\Users\fvaza\.vscode\extensions\redhat.java-1.56.0-win32-x64\jre\21.0.12.1-win32-x86_64\bin\instrument.dll
Event: 1.745 Loaded shared library C:\Users\fvaza\.vscode\extensions\redhat.java-1.56.0-win32-x64\jre\21.0.12.1-win32-x86_64\bin\instrument.dll
Event: 2.003 Attempting to load shared library C:\Users\fvaza\.vscode\extensions\redhat.java-1.56.0-win32-x64\jre\21.0.12.1-win32-x86_64\bin\net.dll
Event: 2.214 Loaded shared library C:\Users\fvaza\.vscode\extensions\redhat.java-1.56.0-win32-x64\jre\21.0.12.1-win32-x86_64\bin\net.dll
Event: 2.275 Attempting to load shared library C:\Users\fvaza\.vscode\extensions\redhat.java-1.56.0-win32-x64\jre\21.0.12.1-win32-x86_64\bin\nio.dll
Event: 2.464 Loaded shared library C:\Users\fvaza\.vscode\extensions\redhat.java-1.56.0-win32-x64\jre\21.0.12.1-win32-x86_64\bin\nio.dll
Event: 2.503 Attempting to load shared library C:\Users\fvaza\.vscode\extensions\redhat.java-1.56.0-win32-x64\jre\21.0.12.1-win32-x86_64\bin\zip.dll
Event: 2.503 Loaded shared library C:\Users\fvaza\.vscode\extensions\redhat.java-1.56.0-win32-x64\jre\21.0.12.1-win32-x86_64\bin\zip.dll
Event: 2.756 Attempting to load shared library C:\Users\fvaza\.vscode\extensions\redhat.java-1.56.0-win32-x64\jre\21.0.12.1-win32-x86_64\bin\jimage.dll
Event: 2.756 Loaded shared library C:\Users\fvaza\.vscode\extensions\redhat.java-1.56.0-win32-x64\jre\21.0.12.1-win32-x86_64\bin\jimage.dll
Event: 3.441 Attempting to load shared library c:\Users\fvaza\.vscode\extensions\redhat.java-1.56.0-win32-x64\jre\21.0.12.1-win32-x86_64\bin\verify.dll
Event: 3.553 Loaded shared library c:\Users\fvaza\.vscode\extensions\redhat.java-1.56.0-win32-x64\jre\21.0.12.1-win32-x86_64\bin\verify.dll
Event: 19.094 Attempting to load shared library C:\Users\fvaza\AppData\Roaming\Code\User\globalStorage\redhat.java\1.56.0\config_win\org.eclipse.equinox.launcher\org.eclipse.equinox.launcher.win32.win32.x86_64_1.3.100.v20260804-1928\eclipse_11924.dll
Event: 19.219 Loaded shared library C:\Users\fvaza\AppData\Roaming\Code\User\globalStorage\redhat.java\1.56.0\config_win\org.eclipse.equinox.launcher\org.eclipse.equinox.launcher.win32.win32.x86_64_1.3.100.v20260804-1928\eclipse_11924.dll
Event: 40.663 Attempting to load shared library E:\Appdata\local\temp\jna-97811576\jna3270201029690122076.dll
Event: 41.029 Loaded shared library E:\Appdata\local\temp\jna-97811576\jna3270201029690122076.dll
Event: 49.310 Attempting to load shared library C:\Users\fvaza\.vscode\extensions\redhat.java-1.56.0-win32-x64\jre\21.0.12.1-win32-x86_64\bin\sunmscapi.dll
Event: 49.742 Loaded shared library C:\Users\fvaza\.vscode\extensions\redhat.java-1.56.0-win32-x64\jre\21.0.12.1-win32-x86_64\bin\sunmscapi.dll
Event: 54.278 Attempting to load shared library C:\Users\fvaza\.vscode\extensions\redhat.java-1.56.0-win32-x64\jre\21.0.12.1-win32-x86_64\bin\extnet.dll
Event: 54.364 Loaded shared library C:\Users\fvaza\.vscode\extensions\redhat.java-1.56.0-win32-x64\jre\21.0.12.1-win32-x86_64\bin\extnet.dll

Deoptimization events (20 events):
Event: 455.366 Thread 0x000002237ba46190 Uncommon trap: trap_request=0xffffffbe fr.pc=0x000002236a13d9fc relative=0x0000000000000b5c
Event: 455.366 Thread 0x000002237ba46190 Uncommon trap: reason=profile_predicate action=maybe_recompile pc=0x000002236a13d9fc method=org.eclipse.jdt.internal.compiler.codegen.CharArrayCache.rehash()V @ 54 c2
Event: 455.366 Thread 0x000002237ba46190 DEOPT PACKING pc=0x000002236a13d9fc sp=0x000000dac4ffdc80
Event: 455.366 Thread 0x000002237ba46190 DEOPT UNPACKING pc=0x0000022368cc3aa2 sp=0x000000dac4ffdc40 mode 2
Event: 455.366 Thread 0x000002237ba46190 Uncommon trap: trap_request=0xffffff6e fr.pc=0x000002236a13d8a4 relative=0x0000000000000a04
Event: 455.366 Thread 0x000002237ba46190 Uncommon trap: reason=loop_limit_check action=maybe_recompile pc=0x000002236a13d8a4 method=org.eclipse.jdt.internal.compiler.codegen.CharArrayCache.rehash()V @ 58 c2
Event: 455.366 Thread 0x000002237ba46190 DEOPT PACKING pc=0x000002236a13d8a4 sp=0x000000dac4ffdc80
Event: 455.366 Thread 0x000002237ba46190 DEOPT UNPACKING pc=0x0000022368cc3aa2 sp=0x000000dac4ffdc38 mode 2
Event: 458.410 Thread 0x000002237d38cd90 Uncommon trap: trap_request=0xffffff6e fr.pc=0x000002236a1852a0 relative=0x0000000000000520
Event: 458.410 Thread 0x000002237d38cd90 Uncommon trap: reason=loop_limit_check action=maybe_recompile pc=0x000002236a1852a0 method=org.eclipse.jdt.internal.compiler.parser.Parser.consumeFieldDeclaration()V @ 52 c2
Event: 458.410 Thread 0x000002237d38cd90 DEOPT PACKING pc=0x000002236a1852a0 sp=0x000000dac5bfcf80
Event: 458.410 Thread 0x000002237d38cd90 DEOPT UNPACKING pc=0x0000022368cc3aa2 sp=0x000000dac5bfcf28 mode 2
Event: 459.493 Thread 0x000002237d38cd90 Uncommon trap: trap_request=0xffffff6e fr.pc=0x000002236a194178 relative=0x00000000000020f8
Event: 459.493 Thread 0x000002237d38cd90 Uncommon trap: reason=loop_limit_check action=maybe_recompile pc=0x000002236a194178 method=org.eclipse.jdt.internal.compiler.lookup.ImplicitNullAnnotationVerifier.checkImplicitNullAnnotations(Lorg/eclipse/jdt/internal/compiler/lookup/MethodBinding;Lorg/ec
Event: 459.493 Thread 0x000002237d38cd90 DEOPT PACKING pc=0x000002236a194178 sp=0x000000dac5bfd880
Event: 459.493 Thread 0x000002237d38cd90 DEOPT UNPACKING pc=0x0000022368cc3aa2 sp=0x000000dac5bfd840 mode 2
Event: 460.031 Thread 0x000002237d38cd90 Uncommon trap: trap_request=0xffffffe4 fr.pc=0x000002236a1aead4 relative=0x0000000000000174
Event: 460.031 Thread 0x000002237d38cd90 Uncommon trap: reason=range_check action=make_not_entrant pc=0x000002236a1aead4 method=org.eclipse.jdt.core.dom.ASTConverter.isPrimitiveType([C)Z @ 2 c2
Event: 460.031 Thread 0x000002237d38cd90 DEOPT PACKING pc=0x000002236a1aead4 sp=0x000000dac5bfdf30
Event: 460.031 Thread 0x000002237d38cd90 DEOPT UNPACKING pc=0x0000022368cc3aa2 sp=0x000000dac5bfdeb8 mode 2

Classes loaded (20 events):
Event: 72.263 Loading class java/lang/UnsupportedClassVersionError
Event: 72.264 Loading class java/lang/UnsupportedClassVersionError done
Event: 72.290 Loading class java/util/concurrent/ForkJoinTask$AdaptedCallable
Event: 72.291 Loading class java/util/concurrent/ForkJoinTask$AdaptedCallable done
Event: 72.433 Loading class java/util/Hashtable$KeySet
Event: 72.434 Loading class java/util/Hashtable$KeySet done
Event: 81.718 Loading class java/lang/invoke/MethodHandleImpl$CountingWrapper$1
Event: 81.719 Loading class java/lang/invoke/MethodHandleImpl$CountingWrapper$1 done
Event: 87.424 Loading class java/util/stream/ReduceOps$4
Event: 87.424 Loading class java/util/stream/ReduceOps$4 done
Event: 87.424 Loading class java/util/stream/ReduceOps$4ReducingSink
Event: 87.425 Loading class java/util/stream/ReduceOps$4ReducingSink done
Event: 87.580 Loading class java/util/HashMap$EntrySpliterator
Event: 87.580 Loading class java/util/HashMap$EntrySpliterator done
Event: 93.612 Loading class jdk/internal/ref/CleanerImpl$InnocuousThreadFactory
Event: 93.612 Loading class jdk/internal/ref/CleanerImpl$InnocuousThreadFactory done
Event: 95.462 Loading class java/util/regex/Pattern$Behind
Event: 95.462 Loading class java/util/regex/Pattern$Behind done
Event: 95.463 Loading class java/util/regex/Pattern$Neg
Event: 95.463 Loading class java/util/regex/Pattern$Neg done

Classes unloaded (20 events):
Event: 70.519 Thread 0x000002235e5de7b0 Unloading class 0x000002231100d400 'java/lang/invoke/LambdaForm$MH+0x000002231100d400'
Event: 70.519 Thread 0x000002235e5de7b0 Unloading class 0x000002231100d000 'java/lang/invoke/LambdaForm$MH+0x000002231100d000'
Event: 70.519 Thread 0x000002235e5de7b0 Unloading class 0x000002231100cc00 'java/lang/invoke/LambdaForm$MH+0x000002231100cc00'
Event: 70.519 Thread 0x000002235e5de7b0 Unloading class 0x000002231100c800 'java/lang/invoke/LambdaForm$BMH+0x000002231100c800'
Event: 70.519 Thread 0x000002235e5de7b0 Unloading class 0x000002231100c000 'java/lang/invoke/LambdaForm$DMH+0x000002231100c000'
Event: 70.519 Thread 0x000002235e5de7b0 Unloading class 0x0000022311008c00 'java/lang/invoke/LambdaForm$MH+0x0000022311008c00'
Event: 70.519 Thread 0x000002235e5de7b0 Unloading class 0x0000022311008800 'java/lang/invoke/LambdaForm$MH+0x0000022311008800'
Event: 70.519 Thread 0x000002235e5de7b0 Unloading class 0x0000022311008400 'java/lang/invoke/LambdaForm$MH+0x0000022311008400'
Event: 70.519 Thread 0x000002235e5de7b0 Unloading class 0x0000022311007000 'java/lang/invoke/LambdaForm$MH+0x0000022311007000'
Event: 70.519 Thread 0x000002235e5de7b0 Unloading class 0x0000022311006800 'java/lang/invoke/LambdaForm$MH+0x0000022311006800'
Event: 70.519 Thread 0x000002235e5de7b0 Unloading class 0x0000022311006400 'java/lang/invoke/LambdaForm$MH+0x0000022311006400'
Event: 70.519 Thread 0x000002235e5de7b0 Unloading class 0x0000022311006000 'java/lang/invoke/LambdaForm$MH+0x0000022311006000'
Event: 70.519 Thread 0x000002235e5de7b0 Unloading class 0x0000022311005c00 'java/lang/invoke/LambdaForm$BMH+0x0000022311005c00'
Event: 70.519 Thread 0x000002235e5de7b0 Unloading class 0x0000022311004800 'java/lang/invoke/LambdaForm$DMH+0x0000022311004800'
Event: 70.519 Thread 0x000002235e5de7b0 Unloading class 0x0000022311002400 'java/lang/invoke/LambdaForm$MH+0x0000022311002400'
Event: 70.519 Thread 0x000002235e5de7b0 Unloading class 0x0000022311002000 'java/lang/invoke/LambdaForm$MH+0x0000022311002000'
Event: 70.519 Thread 0x000002235e5de7b0 Unloading class 0x0000022311001800 'java/lang/invoke/LambdaForm$MH+0x0000022311001800'
Event: 70.519 Thread 0x000002235e5de7b0 Unloading class 0x0000022311000400 'java/lang/invoke/LambdaForm$MH+0x0000022311000400'
Event: 429.847 Thread 0x000002235e5de7b0 Unloading class 0x0000022311782c00 'java/lang/invoke/LambdaForm$MH+0x0000022311782c00'
Event: 429.847 Thread 0x000002235e5de7b0 Unloading class 0x000002231175c400 'java/lang/invoke/LambdaForm$MH+0x000002231175c400'

Classes redefined (0 events):
No events

Internal exceptions (20 events):
Event: 465.290 Thread 0x000002237d38cd90 Implicit null exception at 0x00000223639c5725 to 0x00000223639c5925
Event: 465.290 Thread 0x000002237d38cd90 Exception <a 'java/lang/NullPointerException'{0x00000007557190a8}> (0x00000007557190a8) 
thrown [s\src\hotspot\share\runtime\sharedRuntime.cpp, line 625]
Event: 465.290 Thread 0x000002237d38cd90 Implicit null exception at 0x00000223639c5725 to 0x00000223639c5925
Event: 465.290 Thread 0x000002237d38cd90 Exception <a 'java/lang/NullPointerException'{0x000000075571a828}> (0x000000075571a828) 
thrown [s\src\hotspot\share\runtime\sharedRuntime.cpp, line 625]
Event: 465.290 Thread 0x000002237d38cd90 Implicit null exception at 0x00000223639c5725 to 0x00000223639c5925
Event: 465.290 Thread 0x000002237d38cd90 Exception <a 'java/lang/NullPointerException'{0x000000075571afc0}> (0x000000075571afc0) 
thrown [s\src\hotspot\share\runtime\sharedRuntime.cpp, line 625]
Event: 465.290 Thread 0x000002237d38cd90 Implicit null exception at 0x00000223639c5725 to 0x00000223639c5925
Event: 465.290 Thread 0x000002237d38cd90 Exception <a 'java/lang/NullPointerException'{0x000000075571bf98}> (0x000000075571bf98) 
thrown [s\src\hotspot\share\runtime\sharedRuntime.cpp, line 625]
Event: 465.290 Thread 0x000002237d38cd90 Implicit null exception at 0x00000223639c5725 to 0x00000223639c5925
Event: 465.291 Thread 0x000002237d38cd90 Exception <a 'java/lang/NullPointerException'{0x000000075571d4f8}> (0x000000075571d4f8) 
thrown [s\src\hotspot\share\runtime\sharedRuntime.cpp, line 625]
Event: 465.291 Thread 0x000002237d38cd90 Implicit null exception at 0x00000223639c5725 to 0x00000223639c5925
Event: 465.291 Thread 0x000002237d38cd90 Exception <a 'java/lang/NullPointerException'{0x000000075571deb0}> (0x000000075571deb0) 
thrown [s\src\hotspot\share\runtime\sharedRuntime.cpp, line 625]
Event: 465.291 Thread 0x000002237d38cd90 Implicit null exception at 0x00000223639c5725 to 0x00000223639c5925
Event: 465.291 Thread 0x000002237d38cd90 Exception <a 'java/lang/NullPointerException'{0x000000075571ebf8}> (0x000000075571ebf8) 
thrown [s\src\hotspot\share\runtime\sharedRuntime.cpp, line 625]
Event: 465.291 Thread 0x000002237d38cd90 Implicit null exception at 0x00000223639c5725 to 0x00000223639c5925
Event: 465.291 Thread 0x000002237d38cd90 Exception <a 'java/lang/NullPointerException'{0x000000075571ff78}> (0x000000075571ff78) 
thrown [s\src\hotspot\share\runtime\sharedRuntime.cpp, line 625]
Event: 465.291 Thread 0x000002237d38cd90 Implicit null exception at 0x00000223639c5725 to 0x00000223639c5925
Event: 465.291 Thread 0x000002237d38cd90 Exception <a 'java/lang/NullPointerException'{0x00000007557228d8}> (0x00000007557228d8) 
thrown [s\src\hotspot\share\runtime\sharedRuntime.cpp, line 625]
Event: 465.295 Thread 0x000002237d38cd90 Implicit null exception at 0x00000223639c5725 to 0x00000223639c5925
Event: 465.295 Thread 0x000002237d38cd90 Exception <a 'java/lang/NullPointerException'{0x00000007557c1670}> (0x00000007557c1670) 
thrown [s\src\hotspot\share\runtime\sharedRuntime.cpp, line 625]

ZGC Phase Switch (0 events):
No events

VM Operations (20 events):
Event: 465.001 Executing safepoint VM operation: ParallelGCFailedAllocation (Allocation Failure)
Event: 465.006 Executing safepoint VM operation: ParallelGCFailedAllocation (Allocation Failure) done
Event: 465.029 Executing safepoint VM operation: ParallelGCFailedAllocation (Allocation Failure)
Event: 465.034 Executing safepoint VM operation: ParallelGCFailedAllocation (Allocation Failure) done
Event: 465.176 Executing safepoint VM operation: ParallelGCFailedAllocation (Allocation Failure)
Event: 465.182 Executing safepoint VM operation: ParallelGCFailedAllocation (Allocation Failure) done
Event: 465.202 Executing safepoint VM operation: ParallelGCFailedAllocation (Allocation Failure)
Event: 465.207 Executing safepoint VM operation: ParallelGCFailedAllocation (Allocation Failure) done
Event: 465.235 Executing safepoint VM operation: ParallelGCFailedAllocation (Allocation Failure)
Event: 465.242 Executing safepoint VM operation: ParallelGCFailedAllocation (Allocation Failure) done
Event: 465.276 Executing safepoint VM operation: ParallelGCFailedAllocation (Allocation Failure)
Event: 465.281 Executing safepoint VM operation: ParallelGCFailedAllocation (Allocation Failure) done
Event: 465.297 Executing safepoint VM operation: ParallelGCFailedAllocation (Allocation Failure)
Event: 465.305 Executing safepoint VM operation: ParallelGCFailedAllocation (Allocation Failure) done
Event: 465.318 Executing safepoint VM operation: ParallelGCFailedAllocation (Allocation Failure)
Event: 465.321 Executing safepoint VM operation: ParallelGCFailedAllocation (Allocation Failure) done
Event: 465.347 Executing safepoint VM operation: ParallelGCFailedAllocation (Allocation Failure)
Event: 465.350 Executing safepoint VM operation: ParallelGCFailedAllocation (Allocation Failure) done
Event: 465.363 Executing safepoint VM operation: ParallelGCFailedAllocation (Allocation Failure)
Event: 465.366 Executing safepoint VM operation: ParallelGCFailedAllocation (Allocation Failure) done

Memory protections (0 events):
No events

Nmethod flushes (20 events):
Event: 70.119 Thread 0x000002235e5de7b0 flushing  nmethod 0x000002236269de10
Event: 70.119 Thread 0x000002235e5de7b0 flushing  nmethod 0x000002236269f090
Event: 70.119 Thread 0x000002235e5de7b0 flushing  nmethod 0x00000223626b8990
Event: 70.119 Thread 0x000002235e5de7b0 flushing  nmethod 0x00000223626ed710
Event: 70.119 Thread 0x000002235e5de7b0 flushing  nmethod 0x00000223626fc610
Event: 70.119 Thread 0x000002235e5de7b0 flushing  nmethod 0x00000223626fda90
Event: 70.119 Thread 0x000002235e5de7b0 flushing  nmethod 0x000002236274c410
Event: 70.119 Thread 0x000002235e5de7b0 flushing  nmethod 0x0000022362773910
Event: 70.547 Thread 0x000002235e5de7b0 flushing  nmethod 0x0000022361af2990
Event: 70.547 Thread 0x000002235e5de7b0 flushing  nmethod 0x0000022361c41310
Event: 70.547 Thread 0x000002235e5de7b0 flushing  nmethod 0x0000022361f0cb90
Event: 70.547 Thread 0x000002235e5de7b0 flushing  nmethod 0x0000022361f9b310
Event: 70.547 Thread 0x000002235e5de7b0 flushing  nmethod 0x00000223626fd490
Event: 429.911 Thread 0x000002235e5de7b0 flushing  nmethod 0x0000022361818a10
Event: 429.911 Thread 0x000002235e5de7b0 flushing osr nmethod 0x0000022361f05d90
Event: 429.912 Thread 0x000002235e5de7b0 flushing osr nmethod 0x00000223620b9290
Event: 429.912 Thread 0x000002235e5de7b0 flushing osr nmethod 0x00000223620baf90
Event: 429.912 Thread 0x000002235e5de7b0 flushing  nmethod 0x0000022362322990
Event: 429.912 Thread 0x000002235e5de7b0 flushing  nmethod 0x0000022362407210
Event: 429.912 Thread 0x000002235e5de7b0 flushing  nmethod 0x00000223626fde90

Events (20 events):
Event: 222.428 Thread 0x000002237c330db0 Thread exited: 0x000002237c330db0
Event: 228.566 Thread 0x000002237c32f940 Thread exited: 0x000002237c32f940
Event: 427.317 Thread 0x000002235e0be6a0 Thread added: 0x000002237c32de00
Event: 429.435 Thread 0x000002237c32de00 Thread exited: 0x000002237c32de00
Event: 429.503 Thread 0x000002235e0be6a0 Thread added: 0x000002237c330db0
Event: 442.359 Thread 0x000002237c330db0 Thread exited: 0x000002237c330db0
Event: 442.439 Thread 0x000002235e0be6a0 Thread added: 0x000002237c32f270
Event: 443.454 Thread 0x000002235e0be6a0 Thread added: 0x000002237c332220
Event: 444.905 Thread 0x000002237c332220 Thread exited: 0x000002237c332220
Event: 451.332 Thread 0x000002237c32f270 Thread exited: 0x000002237c32f270
Event: 451.735 Thread 0x000002235e0be6a0 Thread added: 0x000002237c32f270
Event: 455.162 Thread 0x000002237c32f270 Thread exited: 0x000002237c32f270
Event: 455.298 Thread 0x000002235e0bb960 Thread added: 0x000002237c32f270
Event: 457.912 Thread 0x000002237c32f270 Thread exited: 0x000002237c32f270
Event: 459.261 Thread 0x000002235e0be6a0 Thread added: 0x000002237c32f270
Event: 460.398 Thread 0x000002237c32f270 Thread exited: 0x000002237c32f270
Event: 460.494 Thread 0x000002235e0be6a0 Thread added: 0x000002237c332220
Event: 460.955 Thread 0x000002237c332220 Thread exited: 0x000002237c332220
Event: 462.008 Thread 0x000002235e0bb960 Thread added: 0x000002237c330010
Event: 464.834 Thread 0x000002237c330010 Thread exited: 0x000002237c330010


Dynamic libraries:
0x00007ff75ada0000 - 0x00007ff75adae000 	c:\Users\fvaza\.vscode\extensions\redhat.java-1.56.0-win32-x64\jre\21.0.12.1-win32-x86_64\bin\java.exe
0x00007ffe43c70000 - 0x00007ffe43e87000 	C:\Windows\SYSTEM32\ntdll.dll
0x00007ffe42190000 - 0x00007ffe42254000 	C:\Windows\System32\KERNEL32.DLL
0x00007ffe410f0000 - 0x00007ffe414a7000 	C:\Windows\System32\KERNELBASE.dll
0x00007ffe417c0000 - 0x00007ffe418d1000 	C:\Windows\System32\ucrtbase.dll
0x00007ffe08cc0000 - 0x00007ffe08cd8000 	c:\Users\fvaza\.vscode\extensions\redhat.java-1.56.0-win32-x64\jre\21.0.12.1-win32-x86_64\bin\jli.dll
0x00007ffe08ca0000 - 0x00007ffe08cbe000 	c:\Users\fvaza\.vscode\extensions\redhat.java-1.56.0-win32-x64\jre\21.0.12.1-win32-x86_64\bin\VCRUNTIME140.dll
0x00007ffe41d90000 - 0x00007ffe41f3f000 	C:\Windows\System32\USER32.dll
0x00007ffe41670000 - 0x00007ffe41696000 	C:\Windows\System32\win32u.dll
0x00007ffe2dcb0000 - 0x00007ffe2df43000 	C:\Windows\WinSxS\amd64_microsoft.windows.common-controls_6595b64144ccf1df_6.0.22621.3672_none_2713b9d173822955\COMCTL32.dll
0x00007ffe42b60000 - 0x00007ffe42b89000 	C:\Windows\System32\GDI32.dll
0x00007ffe41c50000 - 0x00007ffe41cf7000 	C:\Windows\System32\msvcrt.dll
0x00007ffe416a0000 - 0x00007ffe417b8000 	C:\Windows\System32\gdi32full.dll
0x00007ffe415d0000 - 0x00007ffe4166a000 	C:\Windows\System32\msvcp_win.dll
0x00007ffe42b90000 - 0x00007ffe42bc1000 	C:\Windows\System32\IMM32.DLL
0x00007ffe16800000 - 0x00007ffe1680c000 	c:\Users\fvaza\.vscode\extensions\redhat.java-1.56.0-win32-x64\jre\21.0.12.1-win32-x86_64\bin\vcruntime140_1.dll
0x00007ffde2150000 - 0x00007ffde21dd000 	c:\Users\fvaza\.vscode\extensions\redhat.java-1.56.0-win32-x64\jre\21.0.12.1-win32-x86_64\bin\msvcp140.dll
0x00007ffdce530000 - 0x00007ffdcf2d2000 	c:\Users\fvaza\.vscode\extensions\redhat.java-1.56.0-win32-x64\jre\21.0.12.1-win32-x86_64\bin\server\jvm.dll
0x00007ffe42c30000 - 0x00007ffe42ce2000 	C:\Windows\System32\ADVAPI32.dll
0x00007ffe42890000 - 0x00007ffe42938000 	C:\Windows\System32\sechost.dll
0x00007ffe414b0000 - 0x00007ffe414d8000 	C:\Windows\System32\bcrypt.dll
0x00007ffe43b10000 - 0x00007ffe43c24000 	C:\Windows\System32\RPCRT4.dll
0x00007ffe42d00000 - 0x00007ffe42d71000 	C:\Windows\System32\WS2_32.dll
0x00007ffe3fe30000 - 0x00007ffe3fe7d000 	C:\Windows\SYSTEM32\POWRPROF.dll
0x00007ffe314b0000 - 0x00007ffe314e4000 	C:\Windows\SYSTEM32\WINMM.dll
0x00007ffe37db0000 - 0x00007ffe37dba000 	C:\Windows\SYSTEM32\VERSION.dll
0x00007ffe3fe10000 - 0x00007ffe3fe23000 	C:\Windows\SYSTEM32\UMPDC.dll
0x00007ffe400c0000 - 0x00007ffe400d8000 	C:\Windows\SYSTEM32\kernel.appcore.dll
0x00007ffe15a20000 - 0x00007ffe15a2a000 	c:\Users\fvaza\.vscode\extensions\redhat.java-1.56.0-win32-x64\jre\21.0.12.1-win32-x86_64\bin\jimage.dll
0x00007ffe34e40000 - 0x00007ffe35072000 	C:\Windows\SYSTEM32\DBGHELP.DLL
0x00007ffe42e30000 - 0x00007ffe431be000 	C:\Windows\System32\combase.dll
0x00007ffe41b10000 - 0x00007ffe41be7000 	C:\Windows\System32\OLEAUT32.dll
0x00007ffe373d0000 - 0x00007ffe37402000 	C:\Windows\SYSTEM32\dbgcore.DLL
0x00007ffe41550000 - 0x00007ffe415cb000 	C:\Windows\System32\bcryptPrimitives.dll
0x00007ffe151d0000 - 0x00007ffe151df000 	c:\Users\fvaza\.vscode\extensions\redhat.java-1.56.0-win32-x64\jre\21.0.12.1-win32-x86_64\bin\instrument.dll
0x00007ffe14de0000 - 0x00007ffe14e00000 	c:\Users\fvaza\.vscode\extensions\redhat.java-1.56.0-win32-x64\jre\21.0.12.1-win32-x86_64\bin\java.dll
0x00007ffe43220000 - 0x00007ffe43a89000 	C:\Windows\System32\SHELL32.dll
0x00007ffe3eef0000 - 0x00007ffe3f7ef000 	C:\Windows\SYSTEM32\windows.storage.dll
0x00007ffe3edb0000 - 0x00007ffe3eeef000 	C:\Windows\SYSTEM32\wintypes.dll
0x00007ffe42940000 - 0x00007ffe42a39000 	C:\Windows\System32\SHCORE.dll
0x00007ffe41bf0000 - 0x00007ffe41c4e000 	C:\Windows\System32\shlwapi.dll
0x00007ffe40eb0000 - 0x00007ffe40ed7000 	C:\Windows\SYSTEM32\profapi.dll
0x00007ffe009b0000 - 0x00007ffe009c8000 	c:\Users\fvaza\.vscode\extensions\redhat.java-1.56.0-win32-x64\jre\21.0.12.1-win32-x86_64\bin\zip.dll
0x00007ffe13ac0000 - 0x00007ffe13ad0000 	C:\Users\fvaza\.vscode\extensions\redhat.java-1.56.0-win32-x64\jre\21.0.12.1-win32-x86_64\bin\net.dll
0x00007ffe39d10000 - 0x00007ffe39e46000 	C:\Windows\SYSTEM32\WINHTTP.dll
0x00007ffe40530000 - 0x00007ffe40599000 	C:\Windows\system32\mswsock.dll
0x00007ffe108e0000 - 0x00007ffe108f6000 	C:\Users\fvaza\.vscode\extensions\redhat.java-1.56.0-win32-x64\jre\21.0.12.1-win32-x86_64\bin\nio.dll
0x00007ffe11400000 - 0x00007ffe11410000 	c:\Users\fvaza\.vscode\extensions\redhat.java-1.56.0-win32-x64\jre\21.0.12.1-win32-x86_64\bin\verify.dll
0x00007ffde1f00000 - 0x00007ffde1f45000 	C:\Users\fvaza\AppData\Roaming\Code\User\globalStorage\redhat.java\1.56.0\config_win\org.eclipse.equinox.launcher\org.eclipse.equinox.launcher.win32.win32.x86_64_1.3.100.v20260804-1928\eclipse_11924.dll
0x00007ffe426e0000 - 0x00007ffe42885000 	C:\Windows\System32\ole32.dll
0x00007ffe40780000 - 0x00007ffe4079b000 	C:\Windows\SYSTEM32\CRYPTSP.dll
0x00007ffe40020000 - 0x00007ffe40055000 	C:\Windows\system32\rsaenh.dll
0x00007ffe40620000 - 0x00007ffe40648000 	C:\Windows\SYSTEM32\USERENV.dll
0x00007ffe407a0000 - 0x00007ffe407ac000 	C:\Windows\SYSTEM32\CRYPTBASE.dll
0x00007ffe3fa40000 - 0x00007ffe3fa6d000 	C:\Windows\SYSTEM32\IPHLPAPI.DLL
0x00007ffe41b00000 - 0x00007ffe41b09000 	C:\Windows\System32\NSI.dll
0x00007ffde7a60000 - 0x00007ffde7aa9000 	E:\Appdata\local\temp\jna-97811576\jna3270201029690122076.dll
0x00007ffe41f90000 - 0x00007ffe41f98000 	C:\Windows\System32\PSAPI.DLL
0x00007ffe3a260000 - 0x00007ffe3a279000 	C:\Windows\SYSTEM32\dhcpcsvc6.DLL
0x00007ffe39870000 - 0x00007ffe3988f000 	C:\Windows\SYSTEM32\dhcpcsvc.DLL
0x00007ffe18910000 - 0x00007ffe1891e000 	C:\Users\fvaza\.vscode\extensions\redhat.java-1.56.0-win32-x64\jre\21.0.12.1-win32-x86_64\bin\sunmscapi.dll
0x00007ffe40f80000 - 0x00007ffe410e6000 	C:\Windows\System32\CRYPT32.dll
0x00007ffe40940000 - 0x00007ffe4096d000 	C:\Windows\SYSTEM32\ncrypt.dll
0x00007ffe40900000 - 0x00007ffe40937000 	C:\Windows\SYSTEM32\NTASN1.dll
0x00007ffe3fa70000 - 0x00007ffe3fb72000 	C:\Windows\SYSTEM32\DNSAPI.dll
0x00007ffe34af0000 - 0x00007ffe34afa000 	C:\Windows\System32\rasadhlp.dll
0x00007ffe38320000 - 0x00007ffe383a3000 	C:\Windows\System32\fwpuclnt.dll
0x00007ffe10e30000 - 0x00007ffe10e39000 	C:\Users\fvaza\.vscode\extensions\redhat.java-1.56.0-win32-x64\jre\21.0.12.1-win32-x86_64\bin\extnet.dll

JVMTI agents:
c:\Users\fvaza\.vscode\extensions\redhat.java-1.56.0-win32-x64\lombok\lombok-1.18.39-4050.jar path:c:\Users\fvaza\.vscode\extensions\redhat.java-1.56.0-win32-x64\jre\21.0.12.1-win32-x86_64\bin\instrument.dll, loaded, initialized, instrumentlib options:none

dbghelp: loaded successfully - version: 4.0.5 - missing functions: none
symbol engine: initialized successfully - sym options: 0x614 - pdb path: .;c:\Users\fvaza\.vscode\extensions\redhat.java-1.56.0-win32-x64\jre\21.0.12.1-win32-x86_64\bin;C:\Windows\SYSTEM32;C:\Windows\WinSxS\amd64_microsoft.windows.common-controls_6595b64144ccf1df_6.0.22621.3672_none_2713b9d173822955;c:\Users\fvaza\.vscode\extensions\redhat.java-1.56.0-win32-x64\jre\21.0.12.1-win32-x86_64\bin\server;C:\Users\fvaza\AppData\Roaming\Code\User\globalStorage\redhat.java\1.56.0\config_win\org.eclipse.equinox.launcher\org.eclipse.equinox.launcher.win32.win32.x86_64_1.3.100.v20260804-1928;E:\Appdata\local\temp\jna-97811576

VM Arguments:
jvm_args: --add-modules=ALL-SYSTEM --add-opens=java.base/java.util=ALL-UNNAMED --add-opens=java.base/java.lang=ALL-UNNAMED --add-opens=java.base/sun.nio.fs=ALL-UNNAMED -Declipse.application=org.eclipse.jdt.ls.core.id1 -Dosgi.bundles.defaultStartLevel=4 -Declipse.product=org.eclipse.jdt.ls.core.product -Djava.import.generatesMetadataFilesAtProjectRoot=false -Dm2e.project.cache.size=50 -DDetectVMInstallationsJob.disabled=true -Dfile.encoding=utf8 -XX:+UseParallelGC -XX:GCTimeRatio=4 -XX:AdaptiveSizePolicyWeight=90 -Dsun.zip.disableMemoryMapping=true -Xmx8G -Xms100m -Xlog:disable -javaagent:c:\Users\fvaza\.vscode\extensions\redhat.java-1.56.0-win32-x64\lombok\lombok-1.18.39-4050.jar -XX:+HeapDumpOnOutOfMemoryError -XX:HeapDumpPath=c:\Users\fvaza\AppData\Roaming\Code\User\workspaceStorage\3433cdffacbeb2996af56a34e291b5d3\redhat.java -Daether.dependencyCollector.impl=bf 
java_command: c:\Users\fvaza\.vscode\extensions\redhat.java-1.56.0-win32-x64\server\plugins\org.eclipse.equinox.launcher_1.8.0.v20260804-1928.jar -configuration c:\Users\fvaza\AppData\Roaming\Code\User\globalStorage\redhat.java\1.56.0\config_win -data c:\Users\fvaza\AppData\Roaming\Code\User\workspaceStorage\3433cdffacbeb2996af56a34e291b5d3\redhat.java\jdt_ws --pipe=\\.\pipe\lsp-b3c1068dcac45751bbe41062221576e7-sock
java_class_path (initial): c:\Users\fvaza\.vscode\extensions\redhat.java-1.56.0-win32-x64\server\plugins\org.eclipse.equinox.launcher_1.8.0.v20260804-1928.jar
Launcher Type: SUN_STANDARD

[Global flags]
    uintx AdaptiveSizePolicyWeight                 = 90                                        {product} {command line}
     intx CICompilerCount                          = 4                                         {product} {ergonomic}
    uintx GCTimeRatio                              = 4                                         {product} {command line}
     bool HeapDumpOnOutOfMemoryError               = true                                   {manageable} {command line}
    ccstr HeapDumpPath                             = c:\Users\fvaza\AppData\Roaming\Code\User\workspaceStorage\3433cdffacbeb2996af56a34e291b5d3\redhat.java         {manageable} {command line}
   size_t InitialHeapSize                          = 104857600                                 {product} {command line}
   size_t MaxHeapSize                              = 8589934592                                {product} {command line}
   size_t MaxNewSize                               = 2863136768                                {product} {ergonomic}
   size_t MinHeapDeltaBytes                        = 524288                                    {product} {ergonomic}
   size_t MinHeapSize                              = 104857600                                 {product} {command line}
   size_t NewSize                                  = 34603008                                  {product} {ergonomic}
    uintx NonNMethodCodeHeapSize                   = 5839372                                {pd product} {ergonomic}
    uintx NonProfiledCodeHeapSize                  = 122909434                              {pd product} {ergonomic}
   size_t OldSize                                  = 70254592                                  {product} {ergonomic}
    uintx ProfiledCodeHeapSize                     = 122909434                              {pd product} {ergonomic}
    uintx ReservedCodeCacheSize                    = 251658240                              {pd product} {ergonomic}
     bool SegmentedCodeCache                       = true                                      {product} {ergonomic}
   size_t SoftMaxHeapSize                          = 8589934592                             {manageable} {ergonomic}
     bool UseCompressedOops                        = true                           {product lp64_product} {ergonomic}
     bool UseLargePagesIndividualAllocation        = false                                  {pd product} {ergonomic}
     bool UseParallelGC                            = true                                      {product} {command line}

Logging:
Log output configuration:
 #0: stdout all=off uptime,level,tags foldmultilines=false
 #1: stderr all=off uptime,level,tags foldmultilines=false

Release file:
JAVA_VERSION="21.0.12.1" 
MODULES="java.base java.compiler java.datatransfer java.xml java.prefs java.desktop java.instrument java.logging java.management java.security.sasl java.naming java.rmi java.management.rmi java.net.http java.scripting java.security.jgss java.transaction.xa java.sql java.sql.rowset java.xml.crypto java.se java.smartcardio jdk.accessibility jdk.internal.jvmstat jdk.attach jdk.charsets jdk.internal.opt jdk.zipfs jdk.compiler jdk.crypto.ec jdk.crypto.cryptoki jdk.crypto.mscapi jdk.dynalink jdk.internal.ed jdk.editpad jdk.hotspot.agent jdk.httpserver jdk.internal.le jdk.internal.vm.ci jdk.internal.vm.compiler jdk.internal.vm.compiler.management jdk.jartool jdk.javadoc jdk.jcmd jdk.management jdk.management.agent jdk.jconsole jdk.jdeps jdk.jdwp.agent jdk.jdi jdk.jfr jdk.jshell jdk.jsobject jdk.jstatd jdk.localedata jdk.management.jfr jdk.naming.dns jdk.naming.rmi jdk.net jdk.nio.mapmode jdk.random jdk.sctp jdk.security.auth jdk.security.jgss jdk.unsupported jdk.unsupported.desktop jdk.xml.dom" 

Environment Variables:
JAVA_HOME=C:\Program Files\Java\jdk-17
PATH=C:\Program Files\Common Files\Oracle\Java\javapath;C:\Program Files (x86)\Common Files\Oracle\Java\java8path;C:\Program Files (x86)\Common Files\Oracle\Java\javapath;C:\Program Files (x86)\Common Files\Intel\Shared Libraries\redist\intel64\compiler;C:\Windows\system32;C:\Windows;C:\Windows\System32\Wbem;C:\Windows\System32\WindowsPowerShell\v1.0\;C:\Windows\System32\OpenSSH\;C:\Program Files\dotnet\;C:\Program Files\nodejs\;C:\Program Files\Git\cmd;C:\apache-maven-3.9.16\bin;E:\PostgreSQL\bin;C:\Users\fvaza\AppData\Local\pnpm\bin;C:\Users\fvaza\AppData\Local\Microsoft\WindowsApps;C:\Users\fvaza\AppData\Local\Programs\Microsoft VS Code\bin;C:\Users\fvaza\AppData\Roaming\npm;E:\Testes\vite-project\PHP;E:\TUTO\PHP;C:\Program Files\Java\jdk-17\bin;E:\CodeTools\gradle-9.7.0\bin;C:\apache-maven-3.9.16;E:\PostgrSQL\bin;E:\IntelliJ IDEA 2026.2.0.1\bin;E:\Antigravity IDE\bin
USERNAME=fvaza
OS=Windows_NT
PROCESSOR_IDENTIFIER=Intel64 Family 6 Model 60 Stepping 3, GenuineIntel
TMP=E:\Appdata\local\temp
TEMP=E:\Appdata\local\temp




Periodic native trim disabled

---------------  S Y S T E M  ---------------

OS:
 Windows 11 , 64 bit Build 22621 (10.0.22621.3958)
OS uptime: 0 days 0:15 hours

CPU: total 8 (initial active 8) (4 cores per cpu, 2 threads per core) family 6 model 60 stepping 3 microcode 0x28, cx8, cmov, fxsr, ht, mmx, sse, sse2, sse3, ssse3, sse4.1, sse4.2, popcnt, lzcnt, tsc, tscinvbit, avx, avx2, aes, erms, clmul, bmi1, bmi2, fma, vzeroupper, clflush, rdtscp, f16c
Processor Information for the first 8 processors :
  Max Mhz: 2701, Current Mhz: 2701, Mhz Limit: 2701

Memory: 4k page, system-wide physical 12193M (2875M free)
TotalPageFile size 20193M (AvailPageFile size 2867M)
current process WorkingSet (physical memory assigned to process): 469M, peak: 470M
current process commit charge ("private bytes"): 6059M, peak: 6091M

vm_info: OpenJDK 64-Bit Server VM (21.0.12.1+1-LTS) for windows-amd64 JRE (21.0.12.1+1-LTS), built on 2026-08-18T00:00:00Z by "admin" with MS VC++ 17.12 (VS2022)

END.
